(define s
  (attrs
    'foo 12
    'bar "baz"))

(cons (s 'foo) (s 'bar))

===

(cons 12 "baz")
